--------------------------------------------------------------------------------
Release 14.7 Trace  (nt)
Copyright (c) 1995-2013 Xilinx, Inc.  All rights reserved.

C:\Xilinx\14.7\ISE_DS\ISE\bin\nt\unwrapped\trce.exe -intstyle ise -v 3 -s 5 -n
3 -fastpaths -xml final.twx final.ncd -o final.twr final.pcf

Design file:              final.ncd
Physical constraint file: final.pcf
Device,package,speed:     xc3s400,ft256,-5 (PRODUCTION 1.39 2013-10-13)
Report level:             verbose report

Environment Variable      Effect 
--------------------      ------ 
NONE                      No environment variables were set
--------------------------------------------------------------------------------

INFO:Timing:2698 - No timing constraints found, doing default enumeration.
INFO:Timing:3412 - To improve timing, see the Timing Closure User Guide (UG612).
INFO:Timing:2752 - To get complete path coverage, use the unconstrained paths 
   option. All paths that are not constrained will be reported in the 
   unconstrained paths section(s) of the report.
INFO:Timing:3339 - The clock-to-out numbers in this timing report are based on 
   a 50 Ohm transmission line loading model.  For the details of this model, 
   and for more information on accounting for different loading conditions, 
   please see the device datasheet.
INFO:Timing:3390 - This architecture does not support a default System Jitter 
   value, please add SYSTEM_JITTER constraint to the UCF to modify the Clock 
   Uncertainty calculation.
INFO:Timing:3389 - This architecture does not support 'Discrete Jitter' and 
   'Phase Error' calculations, these terms will be zero in the Clock 
   Uncertainty calculation.  Please make appropriate modification to 
   SYSTEM_JITTER to account for the unsupported Discrete Jitter and Phase 
   Error.



Data Sheet report:
-----------------
All values displayed in nanoseconds (ns)

Pad to Pad
---------------+---------------+---------+
Source Pad     |Destination Pad|  Delay  |
---------------+---------------+---------+
c0             |c4             |   16.561|
c0             |s<0>           |    7.974|
c0             |s<1>           |    9.614|
c0             |s<2>           |    9.223|
c0             |s<3>           |   10.371|
c0             |s<4>           |   10.466|
c0             |s<5>           |   12.134|
c0             |s<6>           |   10.596|
c0             |s<7>           |   12.632|
c0             |s<8>           |   12.045|
c0             |s<9>           |   13.880|
c0             |s<10>          |   13.591|
c0             |s<11>          |   13.871|
c0             |s<12>          |   13.532|
c0             |s<13>          |   14.898|
c0             |s<14>          |   14.959|
c0             |s<15>          |   15.784|
x<0>           |c4             |   17.545|
x<0>           |s<0>           |    8.121|
x<0>           |s<1>           |    9.595|
x<0>           |s<2>           |    9.583|
x<0>           |s<3>           |   10.352|
x<0>           |s<4>           |   11.450|
x<0>           |s<5>           |   13.118|
x<0>           |s<6>           |   11.444|
x<0>           |s<7>           |   13.616|
x<0>           |s<8>           |   13.029|
x<0>           |s<9>           |   14.864|
x<0>           |s<10>          |   14.575|
x<0>           |s<11>          |   14.855|
x<0>           |s<12>          |   14.516|
x<0>           |s<13>          |   15.882|
x<0>           |s<14>          |   15.943|
x<0>           |s<15>          |   16.768|
x<1>           |c4             |   17.080|
x<1>           |s<1>           |    8.307|
x<1>           |s<2>           |    8.327|
x<1>           |s<3>           |    9.428|
x<1>           |s<4>           |   10.985|
x<1>           |s<5>           |   12.653|
x<1>           |s<6>           |   11.115|
x<1>           |s<7>           |   13.151|
x<1>           |s<8>           |   12.564|
x<1>           |s<9>           |   14.399|
x<1>           |s<10>          |   14.110|
x<1>           |s<11>          |   14.390|
x<1>           |s<12>          |   14.051|
x<1>           |s<13>          |   15.417|
x<1>           |s<14>          |   15.478|
x<1>           |s<15>          |   16.303|
x<2>           |c4             |   18.524|
x<2>           |s<2>           |    8.541|
x<2>           |s<3>           |    8.046|
x<2>           |s<4>           |   12.429|
x<2>           |s<5>           |   14.097|
x<2>           |s<6>           |   12.423|
x<2>           |s<7>           |   14.595|
x<2>           |s<8>           |   14.008|
x<2>           |s<9>           |   15.843|
x<2>           |s<10>          |   15.554|
x<2>           |s<11>          |   15.834|
x<2>           |s<12>          |   15.495|
x<2>           |s<13>          |   16.861|
x<2>           |s<14>          |   16.922|
x<2>           |s<15>          |   17.747|
x<3>           |c4             |   17.175|
x<3>           |s<3>           |    8.297|
x<3>           |s<4>           |   11.080|
x<3>           |s<5>           |   12.748|
x<3>           |s<6>           |   11.074|
x<3>           |s<7>           |   13.246|
x<3>           |s<8>           |   12.659|
x<3>           |s<9>           |   14.494|
x<3>           |s<10>          |   14.205|
x<3>           |s<11>          |   14.485|
x<3>           |s<12>          |   14.146|
x<3>           |s<13>          |   15.512|
x<3>           |s<14>          |   15.573|
x<3>           |s<15>          |   16.398|
x<4>           |c4             |   15.298|
x<4>           |s<4>           |    8.075|
x<4>           |s<5>           |    9.250|
x<4>           |s<6>           |    9.825|
x<4>           |s<7>           |    9.748|
x<4>           |s<8>           |   10.782|
x<4>           |s<9>           |   12.617|
x<4>           |s<10>          |   12.284|
x<4>           |s<11>          |   12.608|
x<4>           |s<12>          |   12.269|
x<4>           |s<13>          |   13.635|
x<4>           |s<14>          |   13.696|
x<4>           |s<15>          |   14.521|
x<5>           |c4             |   15.440|
x<5>           |s<5>           |    8.880|
x<5>           |s<6>           |    9.114|
x<5>           |s<7>           |   10.247|
x<5>           |s<8>           |   10.924|
x<5>           |s<9>           |   12.759|
x<5>           |s<10>          |   12.373|
x<5>           |s<11>          |   12.750|
x<5>           |s<12>          |   12.411|
x<5>           |s<13>          |   13.777|
x<5>           |s<14>          |   13.838|
x<5>           |s<15>          |   14.663|
x<6>           |c4             |   14.879|
x<6>           |s<6>           |    7.177|
x<6>           |s<7>           |    8.290|
x<6>           |s<8>           |   10.363|
x<6>           |s<9>           |   12.198|
x<6>           |s<10>          |   11.762|
x<6>           |s<11>          |   12.189|
x<6>           |s<12>          |   11.850|
x<6>           |s<13>          |   13.216|
x<6>           |s<14>          |   13.277|
x<6>           |s<15>          |   14.102|
x<7>           |c4             |   13.909|
x<7>           |s<7>           |    8.766|
x<7>           |s<8>           |    9.393|
x<7>           |s<9>           |   11.228|
x<7>           |s<10>          |   10.792|
x<7>           |s<11>          |   11.219|
x<7>           |s<12>          |   10.880|
x<7>           |s<13>          |   12.246|
x<7>           |s<14>          |   12.307|
x<7>           |s<15>          |   13.132|
x<8>           |c4             |   14.202|
x<8>           |s<8>           |    8.120|
x<8>           |s<9>           |   10.508|
x<8>           |s<10>          |   11.248|
x<8>           |s<11>          |   10.499|
x<8>           |s<12>          |   11.173|
x<8>           |s<13>          |   12.539|
x<8>           |s<14>          |   12.669|
x<8>           |s<15>          |   13.425|
x<9>           |c4             |   13.615|
x<9>           |s<9>           |   10.274|
x<9>           |s<10>          |   10.637|
x<9>           |s<11>          |   10.926|
x<9>           |s<12>          |   10.586|
x<9>           |s<13>          |   11.952|
x<9>           |s<14>          |   12.082|
x<9>           |s<15>          |   12.838|
x<10>          |c4             |   14.215|
x<10>          |s<10>          |    8.358|
x<10>          |s<11>          |    8.429|
x<10>          |s<12>          |   11.186|
x<10>          |s<13>          |   12.552|
x<10>          |s<14>          |   12.682|
x<10>          |s<15>          |   13.438|
x<11>          |c4             |   13.506|
x<11>          |s<11>          |    8.112|
x<11>          |s<12>          |   10.477|
x<11>          |s<13>          |   11.843|
x<11>          |s<14>          |   11.973|
x<11>          |s<15>          |   12.729|
x<12>          |c4             |   11.233|
x<12>          |s<12>          |    7.222|
x<12>          |s<13>          |    8.958|
x<12>          |s<14>          |   10.526|
x<12>          |s<15>          |    9.844|
x<13>          |c4             |    9.399|
x<13>          |s<13>          |    8.284|
x<13>          |s<14>          |    7.719|
x<13>          |s<15>          |    9.154|
x<14>          |c4             |   10.708|
x<14>          |s<14>          |    7.490|
x<14>          |s<15>          |    7.674|
x<15>          |c4             |    8.867|
x<15>          |s<15>          |    7.940|
y<0>           |c4             |   18.231|
y<0>           |s<0>           |    8.525|
y<0>           |s<1>           |    9.924|
y<0>           |s<2>           |    9.861|
y<0>           |s<3>           |   10.681|
y<0>           |s<4>           |   12.136|
y<0>           |s<5>           |   13.804|
y<0>           |s<6>           |   12.130|
y<0>           |s<7>           |   14.302|
y<0>           |s<8>           |   13.715|
y<0>           |s<9>           |   15.550|
y<0>           |s<10>          |   15.261|
y<0>           |s<11>          |   15.541|
y<0>           |s<12>          |   15.202|
y<0>           |s<13>          |   16.568|
y<0>           |s<14>          |   16.629|
y<0>           |s<15>          |   17.454|
y<1>           |c4             |   17.854|
y<1>           |s<1>           |    8.438|
y<1>           |s<2>           |    8.471|
y<1>           |s<3>           |    9.258|
y<1>           |s<4>           |   11.759|
y<1>           |s<5>           |   13.427|
y<1>           |s<6>           |   11.753|
y<1>           |s<7>           |   13.925|
y<1>           |s<8>           |   13.338|
y<1>           |s<9>           |   15.173|
y<1>           |s<10>          |   14.884|
y<1>           |s<11>          |   15.164|
y<1>           |s<12>          |   14.825|
y<1>           |s<13>          |   16.191|
y<1>           |s<14>          |   16.252|
y<1>           |s<15>          |   17.077|
y<2>           |c4             |   19.248|
y<2>           |s<2>           |    8.590|
y<2>           |s<3>           |    8.635|
y<2>           |s<4>           |   13.153|
y<2>           |s<5>           |   14.821|
y<2>           |s<6>           |   13.147|
y<2>           |s<7>           |   15.319|
y<2>           |s<8>           |   14.732|
y<2>           |s<9>           |   16.567|
y<2>           |s<10>          |   16.278|
y<2>           |s<11>          |   16.558|
y<2>           |s<12>          |   16.219|
y<2>           |s<13>          |   17.585|
y<2>           |s<14>          |   17.646|
y<2>           |s<15>          |   18.471|
y<3>           |c4             |   16.269|
y<3>           |s<3>           |    8.567|
y<3>           |s<4>           |   10.174|
y<3>           |s<5>           |   11.842|
y<3>           |s<6>           |   10.168|
y<3>           |s<7>           |   12.340|
y<3>           |s<8>           |   11.753|
y<3>           |s<9>           |   13.588|
y<3>           |s<10>          |   13.299|
y<3>           |s<11>          |   13.579|
y<3>           |s<12>          |   13.240|
y<3>           |s<13>          |   14.606|
y<3>           |s<14>          |   14.667|
y<3>           |s<15>          |   15.492|
y<4>           |c4             |   16.308|
y<4>           |s<4>           |    9.055|
y<4>           |s<5>           |   10.291|
y<4>           |s<6>           |   10.879|
y<4>           |s<7>           |   10.789|
y<4>           |s<8>           |   11.792|
y<4>           |s<9>           |   13.627|
y<4>           |s<10>          |   13.338|
y<4>           |s<11>          |   13.618|
y<4>           |s<12>          |   13.279|
y<4>           |s<13>          |   14.645|
y<4>           |s<14>          |   14.706|
y<4>           |s<15>          |   15.531|
y<5>           |c4             |   15.942|
y<5>           |s<5>           |    8.468|
y<5>           |s<6>           |    9.220|
y<5>           |s<7>           |   10.751|
y<5>           |s<8>           |   11.426|
y<5>           |s<9>           |   13.261|
y<5>           |s<10>          |   12.972|
y<5>           |s<11>          |   13.252|
y<5>           |s<12>          |   12.913|
y<5>           |s<13>          |   14.279|
y<5>           |s<14>          |   14.340|
y<5>           |s<15>          |   15.165|
y<6>           |c4             |   15.198|
y<6>           |s<6>           |    7.978|
y<6>           |s<7>           |    8.315|
y<6>           |s<8>           |   10.682|
y<6>           |s<9>           |   12.517|
y<6>           |s<10>          |   12.081|
y<6>           |s<11>          |   12.508|
y<6>           |s<12>          |   12.169|
y<6>           |s<13>          |   13.535|
y<6>           |s<14>          |   13.596|
y<6>           |s<15>          |   14.421|
y<7>           |c4             |   14.597|
y<7>           |s<7>           |    9.500|
y<7>           |s<8>           |   10.081|
y<7>           |s<9>           |   11.916|
y<7>           |s<10>          |   11.480|
y<7>           |s<11>          |   11.907|
y<7>           |s<12>          |   11.568|
y<7>           |s<13>          |   12.934|
y<7>           |s<14>          |   12.995|
y<7>           |s<15>          |   13.820|
y<8>           |c4             |   14.424|
y<8>           |s<8>           |    7.972|
y<8>           |s<9>           |    9.659|
y<8>           |s<10>          |   11.087|
y<8>           |s<11>          |    9.650|
y<8>           |s<12>          |   11.395|
y<8>           |s<13>          |   12.761|
y<8>           |s<14>          |   12.891|
y<8>           |s<15>          |   13.647|
y<9>           |c4             |   14.400|
y<9>           |s<9>           |    9.582|
y<9>           |s<10>          |    9.671|
y<9>           |s<11>          |    9.861|
y<9>           |s<12>          |   11.371|
y<9>           |s<13>          |   12.737|
y<9>           |s<14>          |   12.867|
y<9>           |s<15>          |   13.623|
y<10>          |c4             |   13.913|
y<10>          |s<10>          |    8.518|
y<10>          |s<11>          |    8.050|
y<10>          |s<12>          |   10.884|
y<10>          |s<13>          |   12.250|
y<10>          |s<14>          |   12.380|
y<10>          |s<15>          |   13.136|
y<11>          |c4             |   13.425|
y<11>          |s<11>          |    8.816|
y<11>          |s<12>          |   10.396|
y<11>          |s<13>          |   11.762|
y<11>          |s<14>          |   11.892|
y<11>          |s<15>          |   12.648|
y<12>          |c4             |   11.925|
y<12>          |s<12>          |    7.980|
y<12>          |s<13>          |    9.247|
y<12>          |s<14>          |   11.218|
y<12>          |s<15>          |   10.133|
y<13>          |c4             |   10.288|
y<13>          |s<13>          |    8.441|
y<13>          |s<14>          |    7.997|
y<13>          |s<15>          |    9.625|
y<14>          |c4             |   11.106|
y<14>          |s<14>          |    7.354|
y<14>          |s<15>          |    8.007|
y<15>          |c4             |    9.296|
y<15>          |s<15>          |    7.894|
---------------+---------------+---------+


Analysis completed Fri May 05 19:08:19 2017 
--------------------------------------------------------------------------------

Trace Settings:
-------------------------
Trace Settings 

Peak Memory Usage: 102 MB



