--------------------------------------------------------------------------------
Release 14.7 Trace  (nt)
Copyright (c) 1995-2013 Xilinx, Inc.  All rights reserved.

C:\Xilinx\14.7\ISE_DS\ISE\bin\nt\unwrapped\trce.exe -intstyle ise -v 3 -s 5 -n
3 -fastpaths -xml top.twx top.ncd -o top.twr top.pcf -ucf nucf.ucf

Design file:              top.ncd
Physical constraint file: top.pcf
Device,package,speed:     xc3s400,ft256,-5 (PRODUCTION 1.39 2013-10-13)
Report level:             verbose report

Environment Variable      Effect 
--------------------      ------ 
NONE                      No environment variables were set
--------------------------------------------------------------------------------

INFO:Timing:2698 - No timing constraints found, doing default enumeration.
INFO:Timing:3412 - To improve timing, see the Timing Closure User Guide (UG612).
INFO:Timing:2752 - To get complete path coverage, use the unconstrained paths 
   option. All paths that are not constrained will be reported in the 
   unconstrained paths section(s) of the report.
INFO:Timing:3339 - The clock-to-out numbers in this timing report are based on 
   a 50 Ohm transmission line loading model.  For the details of this model, 
   and for more information on accounting for different loading conditions, 
   please see the device datasheet.
INFO:Timing:3390 - This architecture does not support a default System Jitter 
   value, please add SYSTEM_JITTER constraint to the UCF to modify the Clock 
   Uncertainty calculation.
INFO:Timing:3389 - This architecture does not support 'Discrete Jitter' and 
   'Phase Error' calculations, these terms will be zero in the Clock 
   Uncertainty calculation.  Please make appropriate modification to 
   SYSTEM_JITTER to account for the unsupported Discrete Jitter and Phase 
   Error.



Data Sheet report:
-----------------
All values displayed in nanoseconds (ns)

Clock to Setup on destination clock clk
---------------+---------+---------+---------+---------+
               | Src:Rise| Src:Fall| Src:Rise| Src:Fall|
Source Clock   |Dest:Rise|Dest:Rise|Dest:Fall|Dest:Fall|
---------------+---------+---------+---------+---------+
clk            |    3.447|         |         |         |
---------------+---------+---------+---------+---------+

Pad to Pad
---------------+---------------+---------+
Source Pad     |Destination Pad|  Delay  |
---------------+---------------+---------+
carry          |out<0>         |    8.605|
carry          |out<1>         |   11.107|
carry          |out<2>         |   10.264|
carry          |out<3>         |   10.307|
x<0>           |out<0>         |    8.375|
x<0>           |out<1>         |   11.416|
x<0>           |out<2>         |   10.573|
x<0>           |out<3>         |   10.616|
x<1>           |out<1>         |   10.380|
x<1>           |out<2>         |    9.537|
x<1>           |out<3>         |    9.580|
x<2>           |out<1>         |    9.833|
x<2>           |out<2>         |    8.943|
x<2>           |out<3>         |    9.033|
x<3>           |out<1>         |    9.554|
x<3>           |out<2>         |    8.664|
x<3>           |out<3>         |    8.754|
y<0>           |out<0>         |    7.624|
y<0>           |out<1>         |   10.665|
y<0>           |out<2>         |    9.822|
y<0>           |out<3>         |    9.865|
y<1>           |out<1>         |   10.836|
y<1>           |out<2>         |    9.993|
y<1>           |out<3>         |   10.036|
y<2>           |out<1>         |   10.494|
y<2>           |out<2>         |    9.604|
y<2>           |out<3>         |    9.694|
y<3>           |out<1>         |   10.593|
y<3>           |out<2>         |    9.703|
y<3>           |out<3>         |    9.793|
---------------+---------------+---------+


Analysis completed Fri Apr 21 19:20:31 2017 
--------------------------------------------------------------------------------

Trace Settings:
-------------------------
Trace Settings 

Peak Memory Usage: 102 MB



